// Jest Snapshot v1, https://goo.gl/fbAQLP

exports[`<LoginPage /> renders correctly when authenticated 1`] = `null`;

exports[`<LoginPage /> renders correctly when not authenticated 1`] = `
<div
  className="loginPage"
>
  <header>
    <div
      className="header-title"
    >
      <img
        alt="logo"
        src="tkoaly2.svg"
      />
      <h1>
        Ruokavälitys
      </h1>
    </div>
  </header>
  <div
    className="container-fluid"
  >
    <div
      className="row center-xs"
    >
      <div
        className="col-xs-5"
      >
        <div
          className="form form-shadow loginForm"
        >
          <form
            onSubmit={[Function]}
          >
            <legend>
              Log in
            </legend>
            <div
              className="formControl"
            >
              <input
                autoCapitalize="off"
                autoComplete="off"
                autoCorrect="off"
                className="input fullWidth"
                id="username"
                name="username"
                onBlur={[Function]}
                onChange={[Function]}
                onDragStart={[Function]}
                onDrop={[Function]}
                onFocus={[Function]}
                onKeyDown={[Function]}
                placeholder="Username"
                type="text"
                value=""
              />
            </div>
            <div
              className="formControl"
            >
              <input
                autoCapitalize="off"
                autoComplete="off"
                autoCorrect="off"
                className="input fullWidth"
                id="password"
                name="password"
                onBlur={[Function]}
                onChange={[Function]}
                onDragStart={[Function]}
                onDrop={[Function]}
                onFocus={[Function]}
                placeholder="Password"
                type="password"
                value=""
              />
            </div>
            <div
              className="formControl"
            >
              <button
                className="btn success-fill"
                onClick={null}
                style={
                  Object {
                    "width": "100%",
                  }
                }
                type="submit"
              >
                <span
                  className="btnContent"
                >
                  Log in (ENTER)
                </span>
              </button>
            </div>
          </form>
          <div>
            <a
              href="/register"
              onClick={[Function]}
            >
              New user? Register here!
            </a>
          </div>
        </div>
      </div>
    </div>
  </div>
</div>
`;
